[www.nfl.com/international.html]
[www.nfl.com/_next/static/css/42ed4b7f310fd6b5.css]
[www.nfl.com/_next/static/css/3310f42a175913b9.css]
[www.nfl.com/_next/static/css/07f6e4991e7c0c1d.css]
[www.nfl.com/_next/static/chunks/webpack-a99294929878a0f4.js]
[www.nfl.com/_next/static/chunks/58408035-6593e240ec68b73b.js]
[www.nfl.com/_next/static/chunks/87c73c54-8f6887dee1c014ac.js]
[www.nfl.com/_next/static/chunks/115-f6365a03526c83ae.js]
[www.nfl.com/_next/static/chunks/main-app-41527ebca9ebdf27.js]
[www.nfl.com/_next/static/chunks/7-59108692b2d6c568.js]
[www.nfl.com/_next/static/chunks/app/global-error-039598385c663930.js]
[www.nfl.com/_next/static/chunks/849-be434dc150f3b897.js]
[www.nfl.com/_next/static/chunks/420-aa6d1787972683b4.js]
[www.nfl.com/_next/static/chunks/245-e2a215073284b1f5.js]
[www.nfl.com/_next/static/chunks/908-122ba954f6ca6ab6.js]
[www.nfl.com/_next/static/chunks/app/layout-5712505012645376.js]
[www.nfl.com/_next/static/chunks/acc06427-aec7150d7812f069.js]
[www.nfl.com/_next/static/chunks/8bb4d8db-860d73b45e47896e.js]
[www.nfl.com/_next/static/chunks/600-53b4d8ea92f04afa.js]
[www.nfl.com/_next/static/chunks/4-b81637b46abee515.js]
[www.nfl.com/_next/static/chunks/917-79af77d755b499a5.js]
[www.nfl.com/_next/static/chunks/app/error-3c9609d9e42d4ad0.js]
[www.nfl.com/_next/static/chunks/d86b74c0-377dd28c820f0033.js]
[www.nfl.com/_next/static/chunks/147-cc4ba065df4cea90.js]
[www.nfl.com/_next/static/chunks/app/[[...pages]]/page-d99f647599d2afe4.js]
[www.nfl.com/_next/static/chunks/app/not-found-02242a34a70ae0b7.js]
[cdn.cookielaw.org/scripttemplates/otSDKStub.js]
[cdns.us1.gigya.com/js/gigyae4f8.js]
[p.nfltags.com/nfl/live/NflUmdComponents.NFLToken.js]
[imasdk.googleapis.com/js/sdkloader/gpt_proxy.js]
[securepubads.g.doubleclick.net/tag/js/f.txt]
[cdn.adsafeprotected.com/iasPET.1.js]
[cdn.onesignal.com/sdks/OneSignalSDK.js]
[backblue.gif]
[fade.gif]
[index.html]
[assets.adobedtm.com/a5ea4e8f4344/1648c62d3986/launch-53368d199d70.min.js]
[www.nfl.com/_next/static/chunks/polyfills-42372ed130431b0a.js]
[www.nfl.com/videos/index.html]
[www.nfl.com/ways-to-watch/index.html]
[www.nfl.com/videos/channel/game-highlights-vc.html]
[www.nfl.com/ways-to-watch/by-week/index.html]
[www.nfl.com/schedules/2025/by-team.html]
[www.nfl.com/standings/playoff-picture.html]
[www.nfl.com/super-bowl/index.html]
[www.nfl.com/draft.html]
[www.nfl.com/injuries/index.html]
[www.nfl.com/news/index.html]
[www.nfl.com/news/series/fantasy.html]
[www.nfl.com/transactions/index.html]
[www.nfl.com/podcasts/index.html]
[www.nfl.com/community/index.html]
[www.nfl.com/photos/index.html]
[www.nfl.com/combine/index.html]
[www.nfl.com/mundo/index.html]
[www.nfl.com/teams/index.html]
[www.nfl.com/players/index.html]
[www.nfl.com/standings/index.html]
[www.nfl.com/teams/buffalo-bills/index.html]
[www.nfl.com/teams/miami-dolphins/index.html]
[www.nfl.com/teams/new-england-patriots/index.html]
[www.nfl.com/teams/new-york-jets/index.html]
[www.nfl.com/teams/baltimore-ravens/index.html]
[www.nfl.com/teams/cincinnati-bengals/index.html]
[www.nfl.com/teams/cleveland-browns/index.html]
[www.nfl.com/teams/pittsburgh-steelers/index.html]
[www.nfl.com/teams/houston-texans/index.html]
[www.nfl.com/teams/jacksonville-jaguars/index.html]
[www.nfl.com/teams/indianapolis-colts/index.html]
[www.nfl.com/teams/denver-broncos/index.html]
[www.nfl.com/teams/tennessee-titans/index.html]
[www.nfl.com/teams/kansas-city-chiefs/index.html]
[www.nfl.com/teams/las-vegas-raiders/index.html]
[www.nfl.com/teams/los-angeles-chargers/index.html]
[www.nfl.com/teams/new-york-giants/index.html]
[www.nfl.com/teams/dallas-cowboys/index.html]
[www.nfl.com/teams/philadelphia-eagles/index.html]
[www.nfl.com/teams/washington-commanders/index.html]
[www.nfl.com/teams/detroit-lions/index.html]
[www.nfl.com/teams/chicago-bears/index.html]
[www.nfl.com/teams/green-bay-packers/index.html]
[www.nfl.com/teams/minnesota-vikings/index.html]
[www.nfl.com/teams/atlanta-falcons/index.html]
[www.nfl.com/teams/carolina-panthers/index.html]
[www.nfl.com/teams/new-orleans-saints/index.html]
[www.nfl.com/teams/tampa-bay-buccaneers/index.html]
[www.nfl.com/teams/arizona-cardinals/index.html]
[www.nfl.com/teams/los-angeles-rams/index.html]
[www.nfl.com/teams/san-francisco-49ers/index.html]
[www.nfl.com/playoffs/bracket.html]
[www.nfl.com/stats/player-stats/index.html]
[www.nfl.com/stats/team-stats/index.html]
[www.nfl.com/teams/seattle-seahawks/index.html]
[www.nfl.com/videos/bills-de-greg-rousseau-joins-the-insiders-ahead-of-the-divisional-round-matchup-vs-broncos.html]
[www.nfl.com/news/rachaad-white-believes-buccaneers-head-coach-todd-bowles-should-let-somebody-else-call-defense.html]
[www.nfl.com/news/nfl-power-rankings-divisional-round-2025-nfl-season.html]
[www.nfl.com/news/steelers-art-rooney-ii-mike-tomlin-departure-aaron-rodgers-future.html]
[www.nfl.com/news/niners-lb-fred-warner-doesn-t-rule-out-playing-saturday-vs-seahawks.html]
[www.nfl.com/news/ravens-owner-steve-bisciotti-remains-confident-decision-fire-john-harbaugh.html]
[www.nfl.com/news/assessing-nfl-head-coaching-jobs-in-2026-hiring-cycle.html]
[www.nfl.com/news/ravens-lamar-jackson-working-on-new-contract-cap-hit-spike-looms.html]
[www.nfl.com/news/kevin-o-connell-a-lot-of-confidence-vikings-will-retain-dc-brian-flores.html]
[www.nfl.com/news/two-time-pro-bowl-wr-adam-thielen-retiring-from-nfl-after-13-seasons.html]
[www.nfl.com/news/nfl-news-roundup-latest-league-updates-from-wednesday-jan-14.html]
[www.nfl.com/news/who-s-most-likely-to-win-super-bowl-lx-ranking-all-14-playoff-contenders.html]
[www.nfl.com/news/ranking-the-2025-nfl-season-s-top-five-rookie-classes-browns-seahawks-hit-it-big.html]
[www.nfl.com/news/nfl-qb-rankings-index-week-18-2025-nfl-season.html]
[www.nfl.com/news/five-nfl-teams-that-need-to-upgrade-their-running-back-rooms-in-free-agency-2026-nfl-draft.html]
[www.nfl.com/news/2025-nfl-contract-incentives-tracker-which-players-can-cash-in-during-week-18.html]
[www.nfl.com/news/nfl-power-rankings-week-18-2025-nfl-season.html]
[www.nfl.com/news/2026-nfl-draft-order-round-1-needs-for-all-32-teams.html]
[www.nfl.com/news/nfl-qb-rankings-index-week-17-2025-nfl-season.html]
[www.nfl.com/news/nfl-gms-other-executives-vote-on-2025-season-awards-who-wins-mvp-coach-of-the-year.html]
[www.nfl.com/news/2025-nfl-playoff-hunt-buying-and-selling-18-potential-super-bowl-contenders.html]
[www.nfl.com/news/2026-nfl-draft-underclassmen-tracker-which-college-football-players-intend-to-enter.html]
[www.nfl.com/news/early-winners-in-2026-nfl-free-agency-eight-players-making-bank-with-contract-year-performances.html]
[www.nfl.com/news/jaxon-smith-njigba-is-nfl-s-best-receiver-will-myles-garrett-break-sack-records-for-season-and-career.html]
[www.nfl.com/news/scariest-nfl-defenders-to-block-in-2025-ranking-the-top-five-right-now.html]
[www.nfl.com/news/ranking-top-10-players-from-loaded-2024-nfl-draft-class-jayden-daniels-or-drake-maye-at-no-1.html]
[www.nfl.com/news/week-17-fantasy-sleepers-8-high-upside-lineup-picks-for-championship-week.html]
[www.nfl.com/news/nfl-pro-fantasy-football-preview-fantasy-championship-insights.html]
[www.nfl.com/news/nfl-week-17-fantasy-football-flex-rankings-top-150-playoff-options-for-championship-week.html]
[www.nfl.com/news/2025-nfl-fantasy-football-waiver-wire-week-17-trevor-lawrence-carrying-teams-to-championship.html]
[www.nfl.com/news/nfl-fantasy-2025-start-em-sit-em-tight-ends-for-week-17.html]
[www.nfl.com/news/nfl-fantasy-2025-start-em-sit-em-defenses-for-week-17.html]
[www.nfl.com/news/nfl-fantasy-2025-start-em-sit-em-running-backs-for-week-17.html]
[www.nfl.com/news/nfl-fantasy-2025-start-em-sit-em-wide-receivers-for-week-17.html]
[www.nfl.com/news/nfl-fantasy-2025-start-em-sit-em-quarterbacks-for-week-17.html]
[www.nfl.com/videos/marcas-grant-s-week-17-players-who-leave-coal-in-your-stocking-the-insiders.html]
[www.nfl.com/videos/fantasy-roy-nominees-nfl-fantasy-live.html]
[www.nfl.com/videos/which-players-ae-going-to-sleigh-on-christmas-day-nfl-fantasy-live.html]
[www.nfl.com/videos/week-17-start-em-sit-em-for-qbs-and-tes-nfl-fantasy-live.html]
[www.nfl.com/videos/week-17-start-em-sit-em-for-rbs-and-wrs-nfl-fantasy-live.html]
[www.nfl.com/videos/week-17-waiver-wire-nfl-fantasy-live.html]
[www.nfl.com/videos/icymi-week-17-leaguewide-news-nfl-fantasy-live.html]
[www.nfl.com/videos/week-17-best-fantasy-games-nfl-fantasy-live.html]
[www.nfl.com/videos/week-17-start-em-sit-em-bold-predictions-fantasy-football-show.html]
[www.nfl.com/videos/week-17-fantasy-predictions-hot-takes-presented-by-frank-s-red-hot.html]
[www.nfl.com/videos/michael-f-florio-s-week-17-starts-and-sits-the-insiders.html]
[www.nfl.com/videos/fantasy-white-elephant-best-week-17-flex-players-to-target-nfl-fantasy-live.html]
[www.nfl.com/videos/waiver-wire-targets-for-week-17-nfl-fantasy-live.html]
[www.nfl.com/videos/week-17-real-or-mirage-nfl-fantasy-live.html]
[www.nfl.com/videos/predicting-week-17-s-top-fantasy-scorers-nfl-fantasy-live.html]
[www.nfl.com/videos/week-17-stock-up-stock-down-nfl-fantasy-live.html]
[www.nfl.com/international/flag-football.html]
[www.nfl.com/international/footballdev.html]
[www.nfl.com/ways-to-watch/by-country.html]
[www.nfl.com/legal/accessibility.html]
[www.nfl.com/legal/privacy/index.html]
[www.nfl.com/legal/terms/index.html]
[www.nfl.com/careers/index.html]
[www.nfl.com/sitemap/html/index.html]
[www.nfl.com/causes/inspire-change/index.html]
[www.nfl.com/causes/hbcu/index.html]
[www.nfl.com/causes/porlacultura/index.html]
[www.nfl.com/causes/play60/index.html]
[www.nfl.com/causes/nfl-origins/index.html]
[static.www.nfl.com/image/upload/v1592261153/league/mznrmnxepcku4dymowc5.png]
[www.nfl.com/playerhealthandsafety/index.html]
[www.nfl.com/media-guides/index.html]
[www.nfl.com/_fantasy-app/news/who-s-most-likely-to-win-super-bowl-lx-ranking-all-14-playoff-contenders.html]
[www.nfl.com/_mobile-app/news/who-s-most-likely-to-win-super-bowl-lx-ranking-all-14-playoff-contenders.html]
[www.nfl.com/_fantasy-app/news/ranking-the-2025-nfl-season-s-top-five-rookie-classes-browns-seahawks-hit-it-big.html]
[www.nfl.com/_mobile-app/news/ranking-the-2025-nfl-season-s-top-five-rookie-classes-browns-seahawks-hit-it-big.html]
[www.nfl.com/_fantasy-app/news/nfl-qb-rankings-index-week-18-2025-nfl-season.html]
[www.nfl.com/_mobile-app/news/nfl-qb-rankings-index-week-18-2025-nfl-season.html]
[www.nfl.com/_fantasy-app/news/five-nfl-teams-that-need-to-upgrade-their-running-back-rooms-in-free-agency-2026-nfl-draft.html]
[www.nfl.com/_mobile-app/news/five-nfl-teams-that-need-to-upgrade-their-running-back-rooms-in-free-agency-2026-nfl-draft.html]
[www.nfl.com/_fantasy-app/news/2025-nfl-contract-incentives-tracker-which-players-can-cash-in-during-week-18.html]
[www.nfl.com/_mobile-app/news/2025-nfl-contract-incentives-tracker-which-players-can-cash-in-during-week-18.html]
[www.nfl.com/_fantasy-app/news/nfl-power-rankings-week-18-2025-nfl-season.html]
[www.nfl.com/_mobile-app/news/nfl-power-rankings-week-18-2025-nfl-season.html]
[www.nfl.com/_fantasy-app/news/2026-nfl-draft-order-round-1-needs-for-all-32-teams.html]
[www.nfl.com/_mobile-app/news/2026-nfl-draft-order-round-1-needs-for-all-32-teams.html]
[www.nfl.com/_fantasy-app/news/nfl-qb-rankings-index-week-17-2025-nfl-season.html]
[www.nfl.com/_mobile-app/news/nfl-qb-rankings-index-week-17-2025-nfl-season.html]
[www.nfl.com/_fantasy-app/news/nfl-gms-other-executives-vote-on-2025-season-awards-who-wins-mvp-coach-of-the-year.html]
[www.nfl.com/_mobile-app/news/nfl-gms-other-executives-vote-on-2025-season-awards-who-wins-mvp-coach-of-the-year.html]
[www.nfl.com/_fantasy-app/news/2025-nfl-playoff-hunt-buying-and-selling-18-potential-super-bowl-contenders.html]
[www.nfl.com/_mobile-app/news/2025-nfl-playoff-hunt-buying-and-selling-18-potential-super-bowl-contenders.html]
[www.nfl.com/_fantasy-app/news/2026-nfl-draft-underclassmen-tracker-which-college-football-players-intend-to-enter.html]
[www.nfl.com/_mobile-app/news/2026-nfl-draft-underclassmen-tracker-which-college-football-players-intend-to-enter.html]
[www.nfl.com/_fantasy-app/news/early-winners-in-2026-nfl-free-agency-eight-players-making-bank-with-contract-year-performances.html]
[www.nfl.com/_mobile-app/news/early-winners-in-2026-nfl-free-agency-eight-players-making-bank-with-contract-year-performances.html]
[www.nfl.com/_fantasy-app/news/jaxon-smith-njigba-is-nfl-s-best-receiver-will-myles-garrett-break-sack-records-for-season-and-career.html]
[www.nfl.com/_mobile-app/news/jaxon-smith-njigba-is-nfl-s-best-receiver-will-myles-garrett-break-sack-records-for-season-and-career.html]
[www.nfl.com/_fantasy-app/news/scariest-nfl-defenders-to-block-in-2025-ranking-the-top-five-right-now.html]
[www.nfl.com/_mobile-app/news/scariest-nfl-defenders-to-block-in-2025-ranking-the-top-five-right-now.html]
[www.nfl.com/_fantasy-app/news/ranking-top-10-players-from-loaded-2024-nfl-draft-class-jayden-daniels-or-drake-maye-at-no-1.html]
[www.nfl.com/_mobile-app/news/ranking-top-10-players-from-loaded-2024-nfl-draft-class-jayden-daniels-or-drake-maye-at-no-1.html]
[www.nfl.com/_fantasy-app/news/week-17-fantasy-sleepers-8-high-upside-lineup-picks-for-championship-week.html]
[www.nfl.com/_mobile-app/news/week-17-fantasy-sleepers-8-high-upside-lineup-picks-for-championship-week.html]
[www.nfl.com/_fantasy-app/news/nfl-pro-fantasy-football-preview-fantasy-championship-insights.html]
[www.nfl.com/_mobile-app/news/nfl-pro-fantasy-football-preview-fantasy-championship-insights.html]
[www.nfl.com/_fantasy-app/news/nfl-week-17-fantasy-football-flex-rankings-top-150-playoff-options-for-championship-week.html]
[www.nfl.com/_mobile-app/news/nfl-week-17-fantasy-football-flex-rankings-top-150-playoff-options-for-championship-week.html]
[www.nfl.com/_fantasy-app/news/2025-nfl-fantasy-football-waiver-wire-week-17-trevor-lawrence-carrying-teams-to-championship.html]
[www.nfl.com/_mobile-app/news/2025-nfl-fantasy-football-waiver-wire-week-17-trevor-lawrence-carrying-teams-to-championship.html]
[www.nfl.com/_fantasy-app/news/nfl-fantasy-2025-start-em-sit-em-tight-ends-for-week-17.html]
[www.nfl.com/_mobile-app/news/nfl-fantasy-2025-start-em-sit-em-tight-ends-for-week-17.html]
[www.nfl.com/_fantasy-app/news/nfl-fantasy-2025-start-em-sit-em-defenses-for-week-17.html]
[www.nfl.com/_mobile-app/news/nfl-fantasy-2025-start-em-sit-em-defenses-for-week-17.html]
[www.nfl.com/_fantasy-app/news/nfl-fantasy-2025-start-em-sit-em-running-backs-for-week-17.html]
[www.nfl.com/_mobile-app/news/nfl-fantasy-2025-start-em-sit-em-running-backs-for-week-17.html]
[www.nfl.com/_fantasy-app/news/nfl-fantasy-2025-start-em-sit-em-wide-receivers-for-week-17.html]
[www.nfl.com/_mobile-app/news/nfl-fantasy-2025-start-em-sit-em-wide-receivers-for-week-17.html]
[www.nfl.com/_fantasy-app/news/nfl-fantasy-2025-start-em-sit-em-quarterbacks-for-week-17.html]
[www.nfl.com/_mobile-app/news/nfl-fantasy-2025-start-em-sit-em-quarterbacks-for-week-17.html]
[www.nfl.com/international.html]
[www.nfl.com/_next/static/css/42ed4b7f310fd6b5.css]
[www.nfl.com/_next/static/css/3310f42a175913b9.css]
[www.nfl.com/_next/static/css/07f6e4991e7c0c1d.css]
[assets.adobedtm.com/a5ea4e8f4344/1648c62d3986/launch-53368d199d70.min.js]
[www.nfl.com/index.html]
[www.nfl.com/videos/index.html]
[www.nfl.com/ways-to-watch/index.html]
[www.nfl.com/videos/channel/game-highlights-vc.html]
[www.nfl.com/schedules/index.html]
[www.nfl.com/ways-to-watch/by-week/index.html]
[www.nfl.com/schedules/2025/by-team.html]
[www.nfl.com/network/games/index.html]
[www.nfl.com/scores/index.html]
[www.nfl.com/plus/replays/index.html]
[www.nfl.com/videos/channel/game-highlights-vc/index.html]
[www.nfl.com/standings/playoff-picture.html]
[www.nfl.com/playoffs/bracket/index.html]
[www.nfl.com/pro-bowl-games/index.html]
[www.nfl.com/super-bowl/index.html]
[www.nfl.com/news/index.html]
[www.nfl.com/injuries/index.html]
[www.nfl.com/transactions/index.html]
[www.nfl.com/podcasts/index.html]
[www.nfl.com/photos/index.html]
[www.nfl.com/community/index.html]
[www.nfl.com/combine/index.html]
[www.nfl.com/draft.html]
[www.nfl.com/news/series/fantasy.html]
[www.nfl.com/mundo/index.html]
[www.nfl.com/teams/index.html]
[www.nfl.com/players/index.html]
[www.nfl.com/standings/index.html]
[www.nfl.com/teams/buffalo-bills/index.html]
[www.nfl.com/teams/miami-dolphins/index.html]
[www.nfl.com/teams/new-england-patriots/index.html]
[www.nfl.com/teams/new-york-jets/index.html]
[www.nfl.com/teams/baltimore-ravens/index.html]
[www.nfl.com/teams/cincinnati-bengals/index.html]
[www.nfl.com/teams/cleveland-browns/index.html]
[www.nfl.com/teams/pittsburgh-steelers/index.html]
[www.nfl.com/teams/houston-texans/index.html]
[www.nfl.com/teams/indianapolis-colts/index.html]
[www.nfl.com/teams/jacksonville-jaguars/index.html]
[www.nfl.com/teams/tennessee-titans/index.html]
[www.nfl.com/teams/denver-broncos/index.html]
[www.nfl.com/teams/kansas-city-chiefs/index.html]
[www.nfl.com/teams/las-vegas-raiders/index.html]
[www.nfl.com/teams/los-angeles-chargers/index.html]
[www.nfl.com/teams/dallas-cowboys/index.html]
[www.nfl.com/teams/new-york-giants/index.html]
[www.nfl.com/teams/philadelphia-eagles/index.html]
[www.nfl.com/teams/washington-commanders/index.html]
[www.nfl.com/teams/chicago-bears/index.html]
[www.nfl.com/teams/detroit-lions/index.html]
[www.nfl.com/teams/green-bay-packers/index.html]
[www.nfl.com/teams/minnesota-vikings/index.html]
[www.nfl.com/teams/atlanta-falcons/index.html]
[www.nfl.com/teams/carolina-panthers/index.html]
[www.nfl.com/teams/new-orleans-saints/index.html]
[www.nfl.com/teams/tampa-bay-buccaneers/index.html]
[www.nfl.com/teams/arizona-cardinals/index.html]
[www.nfl.com/teams/los-angeles-rams/index.html]
[www.nfl.com/teams/san-francisco-49ers/index.html]
[www.nfl.com/teams/seattle-seahawks/index.html]
[www.nfl.com/stats/team-stats/index.html]
[www.nfl.com/stats/player-stats/index.html]
[www.nfl.com/playoffs/bracket.html]
[www.nfl.com/videos/bills-de-greg-rousseau-joins-the-insiders-ahead-of-the-divisional-round-matchup-vs-broncos.html]
[www.nfl.com/news/rachaad-white-believes-buccaneers-head-coach-todd-bowles-should-let-somebody-else-call-defense.html]
[www.nfl.com/news/nfl-power-rankings-divisional-round-2025-nfl-season.html]
[www.nfl.com/news/steelers-art-rooney-ii-mike-tomlin-departure-aaron-rodgers-future.html]
[www.nfl.com/news/niners-lb-fred-warner-doesn-t-rule-out-playing-saturday-vs-seahawks.html]
[www.nfl.com/news/ravens-owner-steve-bisciotti-remains-confident-decision-fire-john-harbaugh.html]
[www.nfl.com/news/assessing-nfl-head-coaching-jobs-in-2026-hiring-cycle.html]
[www.nfl.com/news/ravens-lamar-jackson-working-on-new-contract-cap-hit-spike-looms.html]
[www.nfl.com/news/kevin-o-connell-a-lot-of-confidence-vikings-will-retain-dc-brian-flores.html]
[www.nfl.com/news/two-time-pro-bowl-wr-adam-thielen-retiring-from-nfl-after-13-seasons.html]
[www.nfl.com/news/nfl-news-roundup-latest-league-updates-from-wednesday-jan-14.html]
[www.nfl.com/news/who-s-most-likely-to-win-super-bowl-lx-ranking-all-14-playoff-contenders.html]
[www.nfl.com/news/ranking-the-2025-nfl-season-s-top-five-rookie-classes-browns-seahawks-hit-it-big.html]
[www.nfl.com/news/nfl-qb-rankings-index-week-18-2025-nfl-season.html]
[www.nfl.com/news/five-nfl-teams-that-need-to-upgrade-their-running-back-rooms-in-free-agency-2026-nfl-draft.html]
[www.nfl.com/news/2025-nfl-contract-incentives-tracker-which-players-can-cash-in-during-week-18.html]
[www.nfl.com/news/nfl-power-rankings-week-18-2025-nfl-season.html]
[www.nfl.com/news/2026-nfl-draft-order-round-1-needs-for-all-32-teams.html]
[www.nfl.com/news/nfl-qb-rankings-index-week-17-2025-nfl-season.html]
[www.nfl.com/news/nfl-gms-other-executives-vote-on-2025-season-awards-who-wins-mvp-coach-of-the-year.html]
[www.nfl.com/news/2025-nfl-playoff-hunt-buying-and-selling-18-potential-super-bowl-contenders.html]
[www.nfl.com/news/2026-nfl-draft-underclassmen-tracker-which-college-football-players-intend-to-enter.html]
[www.nfl.com/news/early-winners-in-2026-nfl-free-agency-eight-players-making-bank-with-contract-year-performances.html]
[www.nfl.com/news/jaxon-smith-njigba-is-nfl-s-best-receiver-will-myles-garrett-break-sack-records-for-season-and-career.html]
[www.nfl.com/news/scariest-nfl-defenders-to-block-in-2025-ranking-the-top-five-right-now.html]
[www.nfl.com/news/ranking-top-10-players-from-loaded-2024-nfl-draft-class-jayden-daniels-or-drake-maye-at-no-1.html]
[www.nfl.com/news/week-17-fantasy-sleepers-8-high-upside-lineup-picks-for-championship-week.html]
[www.nfl.com/news/nfl-pro-fantasy-football-preview-fantasy-championship-insights.html]
[www.nfl.com/news/nfl-week-17-fantasy-football-flex-rankings-top-150-playoff-options-for-championship-week.html]
[www.nfl.com/news/2025-nfl-fantasy-football-waiver-wire-week-17-trevor-lawrence-carrying-teams-to-championship.html]
[www.nfl.com/news/nfl-fantasy-2025-start-em-sit-em-tight-ends-for-week-17.html]
[www.nfl.com/news/nfl-fantasy-2025-start-em-sit-em-defenses-for-week-17.html]
[www.nfl.com/news/nfl-fantasy-2025-start-em-sit-em-running-backs-for-week-17.html]
[www.nfl.com/news/nfl-fantasy-2025-start-em-sit-em-wide-receivers-for-week-17.html]
[www.nfl.com/news/nfl-fantasy-2025-start-em-sit-em-quarterbacks-for-week-17.html]
[www.nfl.com/videos/marcas-grant-s-week-17-players-who-leave-coal-in-your-stocking-the-insiders.html]
[www.nfl.com/videos/fantasy-roy-nominees-nfl-fantasy-live.html]
[www.nfl.com/videos/which-players-ae-going-to-sleigh-on-christmas-day-nfl-fantasy-live.html]
[www.nfl.com/videos/week-17-start-em-sit-em-for-qbs-and-tes-nfl-fantasy-live.html]
[www.nfl.com/videos/week-17-start-em-sit-em-for-rbs-and-wrs-nfl-fantasy-live.html]
[www.nfl.com/videos/week-17-waiver-wire-nfl-fantasy-live.html]
[www.nfl.com/videos/icymi-week-17-leaguewide-news-nfl-fantasy-live.html]
[www.nfl.com/videos/week-17-best-fantasy-games-nfl-fantasy-live.html]
[www.nfl.com/videos/week-17-start-em-sit-em-bold-predictions-fantasy-football-show.html]
[www.nfl.com/videos/week-17-fantasy-predictions-hot-takes-presented-by-frank-s-red-hot.html]
[www.nfl.com/videos/michael-f-florio-s-week-17-starts-and-sits-the-insiders.html]
[www.nfl.com/videos/fantasy-white-elephant-best-week-17-flex-players-to-target-nfl-fantasy-live.html]
[www.nfl.com/videos/waiver-wire-targets-for-week-17-nfl-fantasy-live.html]
[www.nfl.com/videos/week-17-real-or-mirage-nfl-fantasy-live.html]
[www.nfl.com/videos/predicting-week-17-s-top-fantasy-scorers-nfl-fantasy-live.html]
[www.nfl.com/videos/week-17-stock-up-stock-down-nfl-fantasy-live.html]
[www.nfl.com/international/flag-football.html]
[www.nfl.com/international/footballdev.html]
[www.nfl.com/ways-to-watch/by-country.html]
[www.nfl.com/legal/privacy/index.html]
[www.nfl.com/legal/terms/index.html]
[www.nfl.com/legal/subscriptions_terms/index.html]
[www.nfl.com/legal/accessibility.html]
[www.nfl.com/sitemap/html/index.html]
[www.nfl.com/careers/index.html]
[www.nfl.com/causes/inspire-change/index.html]
[www.nfl.com/causes/hbcu/index.html]
[www.nfl.com/causes/porlacultura/index.html]
[www.nfl.com/causes/play60/index.html]
[www.nfl.com/causes/nfl-origins/index.html]
[www.nfl.com/activate/index.html]
[www.nfl.com/media-guides/index.html]
[www.nfl.com/playerhealthandsafety/index.html]
[www.nfl.com/_fantasy-app/news/who-s-most-likely-to-win-super-bowl-lx-ranking-all-14-playoff-contenders.html]
[www.nfl.com/_mobile-app/news/who-s-most-likely-to-win-super-bowl-lx-ranking-all-14-playoff-contenders.html]
[www.nfl.com/_fantasy-app/news/ranking-the-2025-nfl-season-s-top-five-rookie-classes-browns-seahawks-hit-it-big.html]
[www.nfl.com/_mobile-app/news/ranking-the-2025-nfl-season-s-top-five-rookie-classes-browns-seahawks-hit-it-big.html]
[www.nfl.com/_fantasy-app/news/nfl-qb-rankings-index-week-18-2025-nfl-season.html]
[www.nfl.com/_mobile-app/news/nfl-qb-rankings-index-week-18-2025-nfl-season.html]
[www.nfl.com/_fantasy-app/news/five-nfl-teams-that-need-to-upgrade-their-running-back-rooms-in-free-agency-2026-nfl-draft.html]
[www.nfl.com/_mobile-app/news/five-nfl-teams-that-need-to-upgrade-their-running-back-rooms-in-free-agency-2026-nfl-draft.html]
[www.nfl.com/_fantasy-app/news/2025-nfl-contract-incentives-tracker-which-players-can-cash-in-during-week-18.html]
[www.nfl.com/_mobile-app/news/2025-nfl-contract-incentives-tracker-which-players-can-cash-in-during-week-18.html]
[www.nfl.com/_fantasy-app/news/nfl-power-rankings-week-18-2025-nfl-season.html]
[www.nfl.com/_mobile-app/news/nfl-power-rankings-week-18-2025-nfl-season.html]
[www.nfl.com/_fantasy-app/news/2026-nfl-draft-order-round-1-needs-for-all-32-teams.html]
[www.nfl.com/_mobile-app/news/2026-nfl-draft-order-round-1-needs-for-all-32-teams.html]
[www.nfl.com/_fantasy-app/news/nfl-qb-rankings-index-week-17-2025-nfl-season.html]
[www.nfl.com/_mobile-app/news/nfl-qb-rankings-index-week-17-2025-nfl-season.html]
[www.nfl.com/_fantasy-app/news/nfl-gms-other-executives-vote-on-2025-season-awards-who-wins-mvp-coach-of-the-year.html]
[www.nfl.com/_mobile-app/news/nfl-gms-other-executives-vote-on-2025-season-awards-who-wins-mvp-coach-of-the-year.html]
[www.nfl.com/_fantasy-app/news/2025-nfl-playoff-hunt-buying-and-selling-18-potential-super-bowl-contenders.html]
[www.nfl.com/_mobile-app/news/2025-nfl-playoff-hunt-buying-and-selling-18-potential-super-bowl-contenders.html]
[www.nfl.com/_fantasy-app/news/2026-nfl-draft-underclassmen-tracker-which-college-football-players-intend-to-enter.html]
[www.nfl.com/_mobile-app/news/2026-nfl-draft-underclassmen-tracker-which-college-football-players-intend-to-enter.html]
[www.nfl.com/_fantasy-app/news/early-winners-in-2026-nfl-free-agency-eight-players-making-bank-with-contract-year-performances.html]
[www.nfl.com/_mobile-app/news/early-winners-in-2026-nfl-free-agency-eight-players-making-bank-with-contract-year-performances.html]
[www.nfl.com/_fantasy-app/news/jaxon-smith-njigba-is-nfl-s-best-receiver-will-myles-garrett-break-sack-records-for-season-and-career.html]
[www.nfl.com/_mobile-app/news/jaxon-smith-njigba-is-nfl-s-best-receiver-will-myles-garrett-break-sack-records-for-season-and-career.html]
[www.nfl.com/_fantasy-app/news/scariest-nfl-defenders-to-block-in-2025-ranking-the-top-five-right-now.html]
[www.nfl.com/_mobile-app/news/scariest-nfl-defenders-to-block-in-2025-ranking-the-top-five-right-now.html]
[www.nfl.com/_fantasy-app/news/ranking-top-10-players-from-loaded-2024-nfl-draft-class-jayden-daniels-or-drake-maye-at-no-1.html]
[www.nfl.com/_mobile-app/news/ranking-top-10-players-from-loaded-2024-nfl-draft-class-jayden-daniels-or-drake-maye-at-no-1.html]
[www.nfl.com/_fantasy-app/news/week-17-fantasy-sleepers-8-high-upside-lineup-picks-for-championship-week.html]
[www.nfl.com/_mobile-app/news/week-17-fantasy-sleepers-8-high-upside-lineup-picks-for-championship-week.html]
[www.nfl.com/_fantasy-app/news/nfl-pro-fantasy-football-preview-fantasy-championship-insights.html]
[www.nfl.com/_mobile-app/news/nfl-pro-fantasy-football-preview-fantasy-championship-insights.html]
[www.nfl.com/_fantasy-app/news/nfl-week-17-fantasy-football-flex-rankings-top-150-playoff-options-for-championship-week.html]
[www.nfl.com/_mobile-app/news/nfl-week-17-fantasy-football-flex-rankings-top-150-playoff-options-for-championship-week.html]
[www.nfl.com/_fantasy-app/news/2025-nfl-fantasy-football-waiver-wire-week-17-trevor-lawrence-carrying-teams-to-championship.html]
[www.nfl.com/_mobile-app/news/2025-nfl-fantasy-football-waiver-wire-week-17-trevor-lawrence-carrying-teams-to-championship.html]
[www.nfl.com/_fantasy-app/news/nfl-fantasy-2025-start-em-sit-em-tight-ends-for-week-17.html]
[www.nfl.com/_mobile-app/news/nfl-fantasy-2025-start-em-sit-em-tight-ends-for-week-17.html]
[www.nfl.com/_fantasy-app/news/nfl-fantasy-2025-start-em-sit-em-defenses-for-week-17.html]
[www.nfl.com/_mobile-app/news/nfl-fantasy-2025-start-em-sit-em-defenses-for-week-17.html]
[www.nfl.com/_fantasy-app/news/nfl-fantasy-2025-start-em-sit-em-running-backs-for-week-17.html]
[www.nfl.com/_mobile-app/news/nfl-fantasy-2025-start-em-sit-em-running-backs-for-week-17.html]
[www.nfl.com/_fantasy-app/news/nfl-fantasy-2025-start-em-sit-em-wide-receivers-for-week-17.html]
[www.nfl.com/_mobile-app/news/nfl-fantasy-2025-start-em-sit-em-wide-receivers-for-week-17.html]
[www.nfl.com/_fantasy-app/news/nfl-fantasy-2025-start-em-sit-em-quarterbacks-for-week-17.html]
[www.nfl.com/_mobile-app/news/nfl-fantasy-2025-start-em-sit-em-quarterbacks-for-week-17.html]
